
> heaven-bot@1.0.0 build:exe
> pkg . --targets node18-win-x64 --output dist/heaven-bot.exe --compress GZip

> pkg@5.8.1
compression:  GZip
